<?php return array (
  0 => 'Symfony\\Bundle\\FrameworkBundle\\Controller\\AbstractController',
  1 => 'App\\Controller\\AmendeController',
  2 => 'App\\Controller\\BadgeController',
  3 => 'App\\Controller\\BadgesController',
  4 => 'App\\Controller\\BaseController',
  5 => 'App\\Controller\\ChartParkController',
  6 => 'App\\Controller\\HistoriqueController',
  7 => 'App\\Controller\\IndexController',
  8 => 'App\\Controller\\ItineraireController',
  9 => 'App\\Controller\\LoginController',
  10 => 'App\\Controller\\MaintenanceController',
  11 => 'App\\Controller\\OffreController',
  12 => 'App\\Controller\\OffresController',
  13 => 'App\\Controller\\ParkController',
  14 => 'App\\Controller\\PdfService',
  15 => 'App\\Controller\\ProfilController',
  16 => 'App\\Controller\\RatingController',
  17 => 'App\\Controller\\ReclamationController',
  18 => 'App\\Controller\\RegisterController',
  19 => 'App\\Controller\\ReponseController',
  20 => 'App\\Controller\\ReservationController',
  21 => 'App\\Controller\\SearchQRController',
  22 => 'App\\Controller\\SecurityController',
  23 => 'App\\Controller\\UtilisateurController',
  24 => 'App\\Controller\\VehiculeController',
  25 => 'App\\Entity\\Affectationbadge',
  26 => 'App\\Entity\\Amende',
  27 => 'App\\Entity\\Article',
  28 => 'App\\Entity\\Badge',
  29 => 'App\\Entity\\Commentaire',
  30 => 'App\\Entity\\Historique',
  31 => 'App\\Entity\\Itineraire',
  32 => 'App\\Entity\\Maintenance',
  33 => 'App\\Entity\\Offre',
  34 => 'App\\Entity\\Park',
  35 => 'App\\Entity\\Rating',
  36 => 'App\\Entity\\Reclamation',
  37 => 'App\\Entity\\Reponse',
  38 => 'App\\Entity\\Reservation',
  39 => 'App\\Entity\\Utilisateur',
  40 => 'App\\Entity\\Vehicule',
  41 => 'CalendarBundle\\Controller\\CalendarController',
  42 => 'CalendarBundle\\Entity\\Event',
  43 => 'Doctrine\\Bundle\\DoctrineBundle\\Controller\\ProfilerController',
  44 => 'Doctrine\\ORM\\Cache\\Persister\\Entity\\AbstractEntityPersister',
  45 => 'Doctrine\\ORM\\Cache\\Persister\\Entity\\CachedEntityPersister',
  46 => 'Doctrine\\ORM\\Cache\\Persister\\Entity\\NonStrictReadWriteCachedEntityPersister',
  47 => 'Doctrine\\ORM\\Cache\\Persister\\Entity\\ReadOnlyCachedEntityPersister',
  48 => 'Doctrine\\ORM\\Cache\\Persister\\Entity\\ReadWriteCachedEntityPersister',
  49 => 'Doctrine\\ORM\\Persisters\\Entity\\AbstractEntityInheritancePersister',
  50 => 'Doctrine\\ORM\\Persisters\\Entity\\BasicEntityPersister',
  51 => 'Doctrine\\ORM\\Persisters\\Entity\\CachedPersisterContext',
  52 => 'Doctrine\\ORM\\Persisters\\Entity\\EntityPersister',
  53 => 'Doctrine\\ORM\\Persisters\\Entity\\JoinedSubclassPersister',
  54 => 'Doctrine\\ORM\\Persisters\\Entity\\SingleTablePersister',
  55 => 'Endroid\\QrCodeBundle\\Controller\\GenerateController',
  56 => 'Oneup\\UploaderBundle\\Controller\\AbstractChunkedController',
  57 => 'Oneup\\UploaderBundle\\Controller\\AbstractController',
  58 => 'Oneup\\UploaderBundle\\Controller\\BlueimpController',
  59 => 'Oneup\\UploaderBundle\\Controller\\DropzoneController',
  60 => 'Oneup\\UploaderBundle\\Controller\\FancyUploadController',
  61 => 'Oneup\\UploaderBundle\\Controller\\FineUploaderController',
  62 => 'Oneup\\UploaderBundle\\Controller\\MooUploadController',
  63 => 'Oneup\\UploaderBundle\\Controller\\PluploadController',
  64 => 'Oneup\\UploaderBundle\\Controller\\UploadifyController',
  65 => 'Oneup\\UploaderBundle\\Controller\\YUI3Controller',
  67 => 'Symfony\\Bundle\\FrameworkBundle\\Controller\\ControllerResolver',
  68 => 'Symfony\\Bundle\\FrameworkBundle\\Controller\\RedirectController',
  69 => 'Symfony\\Bundle\\FrameworkBundle\\Controller\\TemplateController',
  70 => 'Symfony\\Bundle\\WebProfilerBundle\\Controller\\ExceptionPanelController',
  71 => 'Symfony\\Bundle\\WebProfilerBundle\\Controller\\ProfilerController',
  72 => 'Symfony\\Bundle\\WebProfilerBundle\\Controller\\RouterController',
  73 => 'Symfony\\Component\\HttpKernel\\Controller\\ArgumentResolver',
  74 => 'Symfony\\Component\\HttpKernel\\Controller\\ArgumentResolverInterface',
  75 => 'Symfony\\Component\\HttpKernel\\Controller\\ArgumentResolver\\DefaultValueResolver',
  76 => 'Symfony\\Component\\HttpKernel\\Controller\\ArgumentResolver\\NotTaggedControllerValueResolver',
  77 => 'Symfony\\Component\\HttpKernel\\Controller\\ArgumentResolver\\RequestAttributeValueResolver',
  78 => 'Symfony\\Component\\HttpKernel\\Controller\\ArgumentResolver\\RequestValueResolver',
  79 => 'Symfony\\Component\\HttpKernel\\Controller\\ArgumentResolver\\ServiceValueResolver',
  80 => 'Symfony\\Component\\HttpKernel\\Controller\\ArgumentResolver\\SessionValueResolver',
  81 => 'Symfony\\Component\\HttpKernel\\Controller\\ArgumentResolver\\TraceableValueResolver',
  82 => 'Symfony\\Component\\HttpKernel\\Controller\\ArgumentResolver\\VariadicValueResolver',
  83 => 'Symfony\\Component\\HttpKernel\\Controller\\ArgumentValueResolverInterface',
  84 => 'Symfony\\Component\\HttpKernel\\Controller\\ContainerControllerResolver',
  85 => 'Symfony\\Component\\HttpKernel\\Controller\\ControllerReference',
  86 => 'Symfony\\Component\\HttpKernel\\Controller\\ControllerResolver',
  87 => 'Symfony\\Component\\HttpKernel\\Controller\\ControllerResolverInterface',
  88 => 'Symfony\\Component\\HttpKernel\\Controller\\ErrorController',
  89 => 'Symfony\\Component\\HttpKernel\\Controller\\TraceableArgumentResolver',
  90 => 'Symfony\\Component\\HttpKernel\\Controller\\TraceableControllerResolver',
  91 => 'Symfony\\Component\\Security\\Http\\Controller\\UserValueResolver',
);